Initialized native services in: /Users/Alexey/.gradle/native
Waiting for daemons with canceled builds to become available
Removing 0 daemon stop events from registry
Starting a Gradle Daemon, 11 busy Daemons could not be reused, use --status for details
Starting daemon process: workingDir = /Users/Alexey/.gradle/daemon/3.1, daemonArgs: [/Library/Java/JavaVirtualMachines/jdk1.8.0_112.jdk/Contents/Home/bin/java, -XX:MaxPermSize=256m, -XX:+HeapDumpOnOutOfMemoryError, -Xmx1024m, -Dfile.encoding=UTF-8, -Duser.country=US, -Duser.language=en, -Duser.variant, -cp, /Users/Alexey/.gradle/wrapper/dists/gradle-3.1-all/ejgglywf033yp6s4x8ahmgm74/gradle-3.1/lib/gradle-launcher-3.1.jar, org.gradle.launcher.daemon.bootstrap.GradleDaemon, 3.1]
Starting process 'Gradle build daemon'. Working directory: /Users/Alexey/.gradle/daemon/3.1 Command: /Library/Java/JavaVirtualMachines/jdk1.8.0_112.jdk/Contents/Home/bin/java -XX:MaxPermSize=256m -XX:+HeapDumpOnOutOfMemoryError -Xmx1024m -Dfile.encoding=UTF-8 -Duser.country=US -Duser.language=en -Duser.variant -cp /Users/Alexey/.gradle/wrapper/dists/gradle-3.1-all/ejgglywf033yp6s4x8ahmgm74/gradle-3.1/lib/gradle-launcher-3.1.jar org.gradle.launcher.daemon.bootstrap.GradleDaemon 3.1
Successfully started process 'Gradle build daemon'
An attempt to start the daemon took 0.728 secs.
Connected to daemon DaemonInfo{pid=37850, address=[3bb7b09c-5eb6-47fd-96cc-b80c0a8d653c port:53387, addresses:[/0:0:0:0:0:0:0:1, /127.0.0.1]], state=Busy, lastBusy=1497054324347, context=DefaultDaemonContext[uid=73f9b5b5-3385-40db-8aae-05e901562884,javaHome=/Library/Java/JavaVirtualMachines/jdk1.8.0_112.jdk/Contents/Home,daemonRegistryDir=/Users/Alexey/.gradle/daemon,pid=37850,idleTimeout=10800000,daemonOpts=-XX:MaxPermSize=256m,-XX:+HeapDumpOnOutOfMemoryError,-Xmx1024m,-Dfile.encoding=UTF-8,-Duser.country=US,-Duser.language=en,-Duser.variant]}. Dispatching request Build{id=65d0d631-e7d7-4259-adc5-6de61ee0efee.1, currentDir=/Users/Alexey/src/redux/sdk-java}.
Received result org.gradle.launcher.daemon.protocol.BuildStarted@5a2d131d from daemon DaemonInfo{pid=37850, address=[3bb7b09c-5eb6-47fd-96cc-b80c0a8d653c port:53387, addresses:[/0:0:0:0:0:0:0:1, /127.0.0.1]], state=Busy, lastBusy=1497054324347, context=DefaultDaemonContext[uid=73f9b5b5-3385-40db-8aae-05e901562884,javaHome=/Library/Java/JavaVirtualMachines/jdk1.8.0_112.jdk/Contents/Home,daemonRegistryDir=/Users/Alexey/.gradle/daemon,pid=37850,idleTimeout=10800000,daemonOpts=-XX:MaxPermSize=256m,-XX:+HeapDumpOnOutOfMemoryError,-Xmx1024m,-Dfile.encoding=UTF-8,-Duser.country=US,-Duser.language=en,-Duser.variant]} (build should be starting).
The client will now receive all logging from the daemon (pid: 37850). The daemon log file: /Users/Alexey/.gradle/daemon/3.1/daemon-37850.out.log
Starting build in new daemon [memory: 954.7 MB]
Successfully started process 'command '/usr/bin/vm_stat''
Executing build with daemon context: DefaultDaemonContext[uid=73f9b5b5-3385-40db-8aae-05e901562884,javaHome=/Library/Java/JavaVirtualMachines/jdk1.8.0_112.jdk/Contents/Home,daemonRegistryDir=/Users/Alexey/.gradle/daemon,pid=37850,idleTimeout=10800000,daemonOpts=-XX:MaxPermSize=256m,-XX:+HeapDumpOnOutOfMemoryError,-Xmx1024m,-Dfile.encoding=UTF-8,-Duser.country=US,-Duser.language=en,-Duser.variant]
Starting Build
Settings evaluated using settings file '/Users/Alexey/src/redux/sdk-java/settings.gradle'.
Projects loaded. Root project using build file '/Users/Alexey/src/redux/sdk-java/build.gradle'.
Included projects: [root project 'java', project ':integration', project ':samples', project ':sdk']
Evaluating root project 'java' using build file '/Users/Alexey/src/redux/sdk-java/build.gradle'.
Starting process 'command 'git''. Working directory: /Users/Alexey/src/redux/sdk-java Command: git rev-parse --short HEAD
Successfully started process 'command 'git''
Starting process 'command 'git''. Working directory: /Users/Alexey/src/redux/sdk-java Command: git rev-parse --abbrev-ref HEAD
Successfully started process 'command 'git''
Starting process 'command 'hostname''. Working directory: /Users/Alexey/src/redux/sdk-java Command: hostname 
Successfully started process 'command 'hostname''
Evaluating project ':integration' using build file '/Users/Alexey/src/redux/sdk-java/integration/build.gradle'.
Evaluating project ':sdk' using build file '/Users/Alexey/src/redux/sdk-java/sdk/build.gradle'.
Adding license extension
Adding download licenses extension
Adding license extension rule
Applying defaults to download task: :sdk:downloadLicenses
Starting process 'command 'git''. Working directory: /Users/Alexey/src/redux/sdk-java/sdk Command: git rev-parse --short HEAD
Successfully started process 'command 'git''
Starting process 'command 'git''. Working directory: /Users/Alexey/src/redux/sdk-java/sdk Command: git rev-parse --abbrev-ref HEAD
Successfully started process 'command 'git''
Starting process 'command 'hostname''. Working directory: /Users/Alexey/src/redux/sdk-java/sdk Command: hostname 
Successfully started process 'command 'hostname''
Adding license tasks for sourceSet licenseMain
Applying license defaults to task: :sdk:licenseMain
Applying license defaults to task: :sdk:licenseFormatMain
Adding license tasks for sourceSet licenseTest
Applying license defaults to task: :sdk:licenseTest
Applying license defaults to task: :sdk:licenseFormatTest
Starting process 'command 'git''. Working directory: /Users/Alexey/src/redux/sdk-java/integration Command: git rev-parse --short HEAD
Successfully started process 'command 'git''
Starting process 'command 'git''. Working directory: /Users/Alexey/src/redux/sdk-java/integration Command: git rev-parse --abbrev-ref HEAD
Successfully started process 'command 'git''
Starting process 'command 'hostname''. Working directory: /Users/Alexey/src/redux/sdk-java/integration Command: hostname 
Successfully started process 'command 'hostname''
Evaluating project ':samples' using build file '/Users/Alexey/src/redux/sdk-java/samples/build.gradle'.
Starting process 'command 'git''. Working directory: /Users/Alexey/src/redux/sdk-java/samples Command: git rev-parse --short HEAD
Successfully started process 'command 'git''
Starting process 'command 'git''. Working directory: /Users/Alexey/src/redux/sdk-java/samples Command: git rev-parse --abbrev-ref HEAD
Successfully started process 'command 'git''
Starting process 'command 'hostname''. Working directory: /Users/Alexey/src/redux/sdk-java/samples Command: hostname 
Successfully started process 'command 'hostname''
All projects evaluated.
[buildinfo] Not using buildInfo properties file for this build.
Configuring artifactoryPublish task ':artifactoryPublish' for project 'java'.
Configuring artifactoryPublish task ':integration:artifactoryPublish' for project 'integration'.
Configuring artifactoryPublish task ':sdk:artifactoryPublish' for project 'sdk'.
Configuring artifactoryPublish task ':samples:artifactoryPublish' for project 'samples'.
Selected primary task ':integration:cleanTest' from project :integration
Selected primary task ':integration:test' from project :integration
Tasks to be executed: [task ':integration:cleanTest', task ':sdk:compileJava', task ':sdk:processResources', task ':sdk:classes', task ':sdk:jar', task ':integration:compileJava', task ':integration:processResources', task ':integration:classes', task ':integration:compileTestJava', task ':integration:processTestResources', task ':integration:testClasses', task ':integration:test']
:integration:cleanTest (Thread[Daemon worker,5,main]) started.
:integration:cleanTest
Executing task ':integration:cleanTest' (up-to-date check took 0.001 secs) due to:
  Task has not declared any outputs.
:integration:cleanTest (Thread[Daemon worker,5,main]) completed. Took 0.013 secs.
:sdk:compileJava (Thread[Daemon worker,5,main]) started.
:sdk:compileJava
Skipping task ':sdk:compileJava' as it is up-to-date (took 0.18 secs).
:sdk:compileJava UP-TO-DATE
:sdk:compileJava (Thread[Daemon worker,5,main]) completed. Took 0.204 secs.
:sdk:processResources (Thread[Daemon worker,5,main]) started.
:sdk:processResources
Skipping task ':sdk:processResources' as it is up-to-date (took 0.005 secs).
:sdk:processResources UP-TO-DATE
:sdk:processResources (Thread[Daemon worker,5,main]) completed. Took 0.006 secs.
:sdk:classes (Thread[Daemon worker,5,main]) started.
:sdk:classes
Skipping task ':sdk:classes' as it has no actions.
:sdk:classes UP-TO-DATE
:sdk:classes (Thread[Daemon worker,5,main]) completed. Took 0.001 secs.
:sdk:jar (Thread[Daemon worker,5,main]) started.
:sdk:jar
Skipping task ':sdk:jar' as it is up-to-date (took 0.011 secs).
:sdk:jar UP-TO-DATE
:sdk:jar (Thread[Daemon worker,5,main]) completed. Took 0.014 secs.
:integration:compileJava (Thread[Daemon worker,5,main]) started.
:integration:compileJava
Skipping task ':integration:compileJava' as it is up-to-date (took 0.028 secs).
:integration:compileJava UP-TO-DATE
:integration:compileJava (Thread[Daemon worker,5,main]) completed. Took 0.03 secs.
:integration:processResources (Thread[Daemon worker,5,main]) started.
:integration:processResources
file or directory '/Users/Alexey/src/redux/sdk-java/integration/src/main/resources', not found
Skipping task ':integration:processResources' as it has no source files.
:integration:processResources UP-TO-DATE
:integration:processResources (Thread[Daemon worker,5,main]) completed. Took 0.001 secs.
:integration:classes (Thread[Daemon worker,5,main]) started.
:integration:classes
Skipping task ':integration:classes' as it has no actions.
:integration:classes UP-TO-DATE
:integration:classes (Thread[Daemon worker,5,main]) completed. Took 0.0 secs.
:integration:compileTestJava (Thread[Daemon worker,5,main]) started.
:integration:compileTestJava
Skipping task ':integration:compileTestJava' as it is up-to-date (took 0.067 secs).
:integration:compileTestJava UP-TO-DATE
:integration:compileTestJava (Thread[Daemon worker,5,main]) completed. Took 0.069 secs.
:integration:processTestResources (Thread[Daemon worker,5,main]) started.
:integration:processTestResources
Skipping task ':integration:processTestResources' as it is up-to-date (took 0.006 secs).
:integration:processTestResources UP-TO-DATE
:integration:processTestResources (Thread[Daemon worker,5,main]) completed. Took 0.008 secs.
:integration:testClasses (Thread[Daemon worker,5,main]) started.
:integration:testClasses
Skipping task ':integration:testClasses' as it has no actions.
:integration:testClasses UP-TO-DATE
:integration:testClasses (Thread[Daemon worker,5,main]) completed. Took 0.001 secs.
:integration:test (Thread[Daemon worker,5,main]) started.
:integration:test
Executing task ':integration:test' (up-to-date check took 0.031 secs) due to:
  Value of input property 'filter.includePatterns' has changed for task ':integration:test'
Starting process 'Gradle Test Executor 1'. Working directory: /Users/Alexey/src/redux/sdk-java/integration Command: /Library/Java/JavaVirtualMachines/jdk1.8.0_112.jdk/Contents/Home/bin/java -DTOKEN_ENV=staging-hsbc -Djava.security.manager=worker.org.gradle.process.internal.worker.child.BootstrapSecurityManager -javaagent:build/tmp/expandedArchives/org.jacoco.agent-0.7.6.201602180812.jar_8papxuzzjyhpumvc6qsnmfrxm/jacocoagent.jar=destfile=build/jacoco/test.exec,append=true,inclnolocationclasses=false,dumponexit=true,output=file,jmx=false -Dfile.encoding=UTF-8 -Duser.country=US -Duser.language=en -Duser.variant -ea -cp /Users/Alexey/.gradle/caches/3.1/workerMain/gradle-worker.jar worker.org.gradle.process.internal.worker.GradleWorkerMain 'Gradle Test Executor 1'
Successfully started process 'Gradle Test Executor 1'
Initialized native services in: /Users/Alexey/.gradle/native
Gradle Test Executor 1 started executing tests.

io.token.TransactionsTest STANDARD_ERROR
    17:25:29:907 [Test worker] INFO io.token.rpc.client.RpcChannelFactory - Setting up server TLS negotiation.

io.token.TransactionsTest > getTransactions STANDARD_ERROR
    17:25:30:962 [Test worker] DEBUG io.token.proto.gateway.GatewayService.client - START: CreateMember req=(nonce: "zkfmxDjNEcZbiNVhgzjs"), Metadata(token-sdk=java,token-sdk-version=1.0.30)
    17:25:31:537 [rpc-client-0] DEBUG io.token.proto.gateway.GatewayService.client - END: CreateMember res=(member_id: "m:21bgSSSWL8kUPUoKt9BXZXMGNRus:5zKtXEAq"), Metadata()
    17:25:31:768 [rpc-client-0] DEBUG io.token.proto.gateway.GatewayService.client - START: UpdateMember req=(update { member_id: "m:21bgSSSWL8kUPUoKt9BXZXMGNRus:5zKtXEAq" operations { add_key { key { id: "w5wDBtpj8VxgITg-" public_key: "au2lS9MpJRZP0iZ0GbyMKNap8-RS-Ho2hBOEh-OvR5c" level: PRIVILEGED algorithm: ED25519 } } } operations { add_key { key { id: "hEm33_A33zUR00Gs" public_key: "qM0vkTaBUvqIgT2FOLWLWupgjzlquiHQZVI_zbz6lIE" level: STANDARD algorithm: ED25519 } } } operations { add_key { key { id: "ExDLazl9LymN8yJk" public_key: "pvLtkyH3KjGtk4pdQbCuU0ucD7gqDoI017SgWfOJMlw" level: LOW algorithm: ED25519 } } } operations { add_username { username: "username-JGvQLESgdmjoSnEwrMIU" } } } update_signature { member_id: "m:21bgSSSWL8kUPUoKt9BXZXMGNRus:5zKtXEAq" key_id: "w5wDBtpj8VxgITg-" signature: "z7j-gRwXSSh-HW5-0rzu8A4fLZnXJRJGTx_1CVt9yob2oijTAWFyiBSmN0yqshnAUYXwhLmnpeAUv8DXNrw5BQ" }), Metadata(token-sdk=java,token-sdk-version=1.0.30)
    17:25:31:868 [rpc-client-0] DEBUG io.token.proto.gateway.GatewayService.client - END: UpdateMember res=(member { id: "m:21bgSSSWL8kUPUoKt9BXZXMGNRus:5zKtXEAq" last_hash: "8eNIUMPYhAR2vLRzxCjboaOmvSUMOEiXC9Xm2mE2cmA" usernames: "username-JGvQLESgdmjoSnEwrMIU" keys { id: "ExDLazl9LymN8yJk" public_key: "pvLtkyH3KjGtk4pdQbCuU0ucD7gqDoI017SgWfOJMlw" level: LOW algorithm: ED25519 } keys { id: "hEm33_A33zUR00Gs" public_key: "qM0vkTaBUvqIgT2FOLWLWupgjzlquiHQZVI_zbz6lIE" level: STANDARD algorithm: ED25519 } keys { id: "w5wDBtpj8VxgITg-" public_key: "au2lS9MpJRZP0iZ0GbyMKNap8-RS-Ho2hBOEh-OvR5c" level: PRIVILEGED algorithm: ED25519 } }), Metadata()
    17:25:31:911 [Test worker] DEBUG io.token.proto.gateway.GatewayService.client - START: LinkAccounts req=(bankAuthorization { bank_id: "hsbc" accounts { ciphertext: "{\"account\":{\"swift\":{\"account\":\"5600123702\",\"bic\":\"HSBCSGSGXXX\"}},\"accountName\":\"HSBC 5600123702, VND\",\"expirationMs\":\"1497054391885\",\"username\":\"username-JGvQLESgdmjoSnEwrMIU\"}" noop { } } }), Metadata(token-realm=Token,token-scheme=Token-Ed25519-SHA512,token-key-id=ExDLazl9LymN8yJk,token-signature=jLlerf6G5pouftbxNRHZuPHraFgCXp4yxzi24cZtktgLPSMGqVKuE6NaiXq8_2KI1EGxAHxHybtVgJswi_nTDA,token-created-at-ms=1497054331902,token-member-id=m:21bgSSSWL8kUPUoKt9BXZXMGNRus:5zKtXEAq,token-sdk=java,token-sdk-version=1.0.30)
    17:25:32:122 [rpc-client-0] DEBUG io.token.proto.gateway.GatewayService.client - END: LinkAccounts res=(accounts { id: "a:4VESqdLJz3HE57hKU1ohNPzW6qfaBtFVuCLVDDVkKWRn:5zKaki2W" name: "HSBC 5600123702, VND" bank_id: "hsbc" }), Metadata()
    17:25:32:124 [Test worker] DEBUG io.token.proto.gateway.GatewayService.client - START: CreateMember req=(nonce: "dViulGrZgFUEePRiHPTC"), Metadata(token-sdk=java,token-sdk-version=1.0.30)
    17:25:32:197 [rpc-client-0] DEBUG io.token.proto.gateway.GatewayService.client - END: CreateMember res=(member_id: "m:3Xb2B1Zdng25erkZM2RTNwtjw7Un:5zKtXEAq"), Metadata()
    17:25:32:203 [rpc-client-0] DEBUG io.token.proto.gateway.GatewayService.client - START: UpdateMember req=(update { member_id: "m:3Xb2B1Zdng25erkZM2RTNwtjw7Un:5zKtXEAq" operations { add_key { key { id: "EqnCfb-80QOOR_cz" public_key: "r6CBZFNPwdlR3RG010-oNhd65tpwxlYFxCmjN_EQDjc" level: PRIVILEGED algorithm: ED25519 } } } operations { add_key { key { id: "QuCnBXlAXVM7T1VU" public_key: "18HysoALnwXHEHnhzIUlIux7Tnwfp7HQV8wlJi29et0" level: STANDARD algorithm: ED25519 } } } operations { add_key { key { id: "TIdXIrjjszEP0DuX" public_key: "8JbrJ5CoJn-Hc8ugzJ3HKCPumSyPo68VJMlyq3EOC2o" level: LOW algorithm: ED25519 } } } operations { add_username { username: "username-KFtPhhGQuWuYxXLOCcCR" } } } update_signature { member_id: "m:3Xb2B1Zdng25erkZM2RTNwtjw7Un:5zKtXEAq" key_id: "EqnCfb-80QOOR_cz" signature: "VK5fPhdzYY__YNyCo8PqC2634ykwznLsckkOZZUeHaklfpwN4flQvk54P3OGUwafK2AHz0xdlhFM2-450VfHBQ" }), Metadata(token-sdk=java,token-sdk-version=1.0.30)
    17:25:32:270 [rpc-client-0] DEBUG io.token.proto.gateway.GatewayService.client - END: UpdateMember res=(member { id: "m:3Xb2B1Zdng25erkZM2RTNwtjw7Un:5zKtXEAq" last_hash: "4DSIvvcVh9Xkfy8_eDdHJ_7s66KTX9fNWZ756yV8ufg" usernames: "username-KFtPhhGQuWuYxXLOCcCR" keys { id: "EqnCfb-80QOOR_cz" public_key: "r6CBZFNPwdlR3RG010-oNhd65tpwxlYFxCmjN_EQDjc" level: PRIVILEGED algorithm: ED25519 } keys { id: "QuCnBXlAXVM7T1VU" public_key: "18HysoALnwXHEHnhzIUlIux7Tnwfp7HQV8wlJi29et0" level: STANDARD algorithm: ED25519 } keys { id: "TIdXIrjjszEP0DuX" public_key: "8JbrJ5CoJn-Hc8ugzJ3HKCPumSyPo68VJMlyq3EOC2o" level: LOW algorithm: ED25519 } }), Metadata()
    17:25:32:273 [Test worker] DEBUG io.token.proto.gateway.GatewayService.client - START: LinkAccounts req=(bankAuthorization { bank_id: "hsbc" accounts { ciphertext: "{\"account\":{\"swift\":{\"account\":\"5600123703\",\"bic\":\"HSBCSGSGXXX\"}},\"accountName\":\"HSBC 5600123703, SGD\",\"expirationMs\":\"1497054392271\",\"username\":\"username-KFtPhhGQuWuYxXLOCcCR\"}" noop { } } }), Metadata(token-realm=Token,token-scheme=Token-Ed25519-SHA512,token-key-id=TIdXIrjjszEP0DuX,token-signature=ceJxASubuxnUyJNsm2QXE4DARj20zLNaN7RxwGLBJZAVcIey8-lTNkQerkaQvXqAmdOCao4e6FOpmWBYWrAkCw,token-created-at-ms=1497054332272,token-member-id=m:3Xb2B1Zdng25erkZM2RTNwtjw7Un:5zKtXEAq,token-sdk=java,token-sdk-version=1.0.30)
    17:25:32:450 [rpc-client-0] DEBUG io.token.proto.gateway.GatewayService.client - END: LinkAccounts res=(accounts { id: "a:EgjQocTtjqpb6n9UayuXhFg7zyXztjHW5N8pbCav5igz:5zKaki2W" name: "HSBC 5600123703, SGD" bank_id: "hsbc" }), Metadata()
    17:25:32:477 [Test worker] WARN io.token.TransferTokenBuilder - refId is not set. A random ID will be used.
    17:25:32:500 [Test worker] DEBUG io.token.proto.gateway.GatewayService.client - START: CreateTransferToken req=(payload { version: "1.0" ref_id: "PveYfKSmRVnShuBkcYcn" from { id: "m:21bgSSSWL8kUPUoKt9BXZXMGNRus:5zKtXEAq" } transfer { redeemer { id: "m:3Xb2B1Zdng25erkZM2RTNwtjw7Un:5zKtXEAq" username: "username-KFtPhhGQuWuYxXLOCcCR" } instructions { source { account { token { member_id: "m:21bgSSSWL8kUPUoKt9BXZXMGNRus:5zKtXEAq" account_id: "a:4VESqdLJz3HE57hKU1ohNPzW6qfaBtFVuCLVDDVkKWRn:5zKaki2W" } } } destinations { account { token { member_id: "m:3Xb2B1Zdng25erkZM2RTNwtjw7Un:5zKtXEAq" account_id: "a:EgjQocTtjqpb6n9UayuXhFg7zyXztjHW5N8pbCav5igz:5zKaki2W" } } } } currency: "SGD" lifetime_amount: "100.0" } }), Metadata(token-realm=Token,token-scheme=Token-Ed25519-SHA512,token-key-id=ExDLazl9LymN8yJk,token-signature=0koYOwC2DrsW67D7EPceHiLxiBuKrrlX-Y7MLXLNeaDpPZRqe2tvgNuc470Uk1ht0gcFnY9m4eaEX1xFPNUhDA,token-created-at-ms=1497054332481,token-member-id=m:21bgSSSWL8kUPUoKt9BXZXMGNRus:5zKtXEAq,token-sdk=java,token-sdk-version=1.0.30)
    17:25:36:155 [rpc-client-0] DEBUG io.token.proto.gateway.GatewayService.client - END: CreateTransferToken res=(token { id: "tt:5rB8uzTmMZ45MPKtr6TgnWDCxyo9aDFM2A69fL38wksu:5zKaki2W" payload { version: "1.0" ref_id: "PveYfKSmRVnShuBkcYcn" issuer { id: "hsbc" username: "hsbc" } from { id: "m:21bgSSSWL8kUPUoKt9BXZXMGNRus:5zKtXEAq" } transfer { redeemer { id: "m:3Xb2B1Zdng25erkZM2RTNwtjw7Un:5zKtXEAq" username: "username-KFtPhhGQuWuYxXLOCcCR" } instructions { source { account { token { member_id: "m:21bgSSSWL8kUPUoKt9BXZXMGNRus:5zKtXEAq" account_id: "a:4VESqdLJz3HE57hKU1ohNPzW6qfaBtFVuCLVDDVkKWRn:5zKaki2W" } } } destinations { account { token { member_id: "m:3Xb2B1Zdng25erkZM2RTNwtjw7Un:5zKtXEAq" account_id: "a:EgjQocTtjqpb6n9UayuXhFg7zyXztjHW5N8pbCav5igz:5zKaki2W" } } } } currency: "SGD" lifetime_amount: "100.0" pricing { source_quote { id: "b3497c27-232a-4b59-b002-8a2a11f67106" account_currency: "VND" fees_total: "6" fees { amount: "6" description: "Coversion Fee" } rates { base_currency: "VND" quote_currency: "SGD" rate: "16418.63993" } expires_at_ms: 1497140736018 } destination_quote { id: "b3497c27-232a-4b59-b002-8a2a11f67106" account_currency: "SGD" fees_total: "0.0" rates { base_currency: "SGD" quote_currency: "SGD" rate: "1" } expires_at_ms: 1497140732764 } instructions { fees_paid_by: SHARED_FEE fx_performed_by: SHARED_FX } } } } } status: SUCCESS), Metadata()
    17:25:36:163 [Test worker] DEBUG io.token.proto.gateway.GatewayService.client - START: EndorseToken req=(token_id: "tt:5rB8uzTmMZ45MPKtr6TgnWDCxyo9aDFM2A69fL38wksu:5zKaki2W" signature { member_id: "m:21bgSSSWL8kUPUoKt9BXZXMGNRus:5zKtXEAq" key_id: "hEm33_A33zUR00Gs" signature: "s3viWYMPgfofVPEHWvflSK2bxNBN5s6uiG7QSXb74fiOw768rKbhRaJbTMepaf9cKQ1t7yZGdbn2EDpWDRNqCw" }), Metadata(token-realm=Token,token-scheme=Token-Ed25519-SHA512,token-key-id=ExDLazl9LymN8yJk,token-signature=yKY18WySmSm34eDJaE5kkrcEGcy4c5gtomSlejAxVZQ85sYz8CBYV3sdx0PpSoHH5ABzK-vPyHQUtCu0zSKaCw,token-created-at-ms=1497054336160,token-member-id=m:21bgSSSWL8kUPUoKt9BXZXMGNRus:5zKtXEAq,token-sdk=java,token-sdk-version=1.0.30)
    17:25:36:247 [rpc-client-0] DEBUG io.token.proto.gateway.GatewayService.client - END: EndorseToken res=(result { token { id: "tt:5rB8uzTmMZ45MPKtr6TgnWDCxyo9aDFM2A69fL38wksu:5zKaki2W" payload { version: "1.0" ref_id: "PveYfKSmRVnShuBkcYcn" issuer { id: "hsbc" username: "hsbc" } from { id: "m:21bgSSSWL8kUPUoKt9BXZXMGNRus:5zKtXEAq" } transfer { redeemer { id: "m:3Xb2B1Zdng25erkZM2RTNwtjw7Un:5zKtXEAq" username: "username-KFtPhhGQuWuYxXLOCcCR" } instructions { source { account { token { member_id: "m:21bgSSSWL8kUPUoKt9BXZXMGNRus:5zKtXEAq" account_id: "a:4VESqdLJz3HE57hKU1ohNPzW6qfaBtFVuCLVDDVkKWRn:5zKaki2W" } } } destinations { account { token { member_id: "m:3Xb2B1Zdng25erkZM2RTNwtjw7Un:5zKtXEAq" account_id: "a:EgjQocTtjqpb6n9UayuXhFg7zyXztjHW5N8pbCav5igz:5zKaki2W" } } } } currency: "SGD" lifetime_amount: "100.0" pricing { source_quote { id: "b3497c27-232a-4b59-b002-8a2a11f67106" account_currency: "VND" fees_total: "6" fees { amount: "6" description: "Coversion Fee" } rates { base_currency: "VND" quote_currency: "SGD" rate: "16418.63993" } expires_at_ms: 1497140736018 } destination_quote { id: "b3497c27-232a-4b59-b002-8a2a11f67106" account_currency: "SGD" fees_total: "0.0" rates { base_currency: "SGD" quote_currency: "SGD" rate: "1" } expires_at_ms: 1497140732764 } instructions { fees_paid_by: SHARED_FEE fx_performed_by: SHARED_FX } } } } payload_signatures { action: ENDORSED signature { member_id: "m:21bgSSSWL8kUPUoKt9BXZXMGNRus:5zKtXEAq" key_id: "hEm33_A33zUR00Gs" signature: "s3viWYMPgfofVPEHWvflSK2bxNBN5s6uiG7QSXb74fiOw768rKbhRaJbTMepaf9cKQ1t7yZGdbn2EDpWDRNqCw" } } payload_signatures { action: ENDORSED signature { member_id: "hsbc" key_id: "1x7df4vuFUHYQCa7" signature: "mlEZhKExQ6fvOiS7ZQsZxGq8QxIJnR4ZlYM527toqJ4675eFm1xwB_4IJnE5jgBMY5MVVlo04FP_O6TUBreCDw" } } } status: SUCCESS }), Metadata()
    17:25:36:252 [Test worker] WARN io.token.MemberAsync - refId is not set. A random ID will be used.
    17:25:36:258 [Test worker] DEBUG io.token.proto.gateway.GatewayService.client - START: CreateTransfer req=(payload { ref_id: "qZNklzZiyrmmKnUfCMRu" token_id: "tt:5rB8uzTmMZ45MPKtr6TgnWDCxyo9aDFM2A69fL38wksu:5zKaki2W" } payload_signature { member_id: "m:3Xb2B1Zdng25erkZM2RTNwtjw7Un:5zKtXEAq" key_id: "TIdXIrjjszEP0DuX" signature: "i3-q71HYKbOjYt0E6WeAygCTynhUg-tjPzSofDnjOOa9eGAcMFXo6BvJpV-BVarUujxYcQp_tti-F_bqzYj7Bw" }), Metadata(token-realm=Token,token-scheme=Token-Ed25519-SHA512,token-key-id=TIdXIrjjszEP0DuX,token-signature=I3PKieYyk0U8kmu2S0amcTBQuhnnfJxffHHyIyh88iiV8AeEzl6GA6c7BwV4lNnVnPFsKV3jmjejLdNAVBpHDw,token-created-at-ms=1497054336256,token-member-id=m:3Xb2B1Zdng25erkZM2RTNwtjw7Un:5zKtXEAq,token-sdk=java,token-sdk-version=1.0.30)
    17:25:36:971 [rpc-client-0] DEBUG io.token.proto.gateway.GatewayService.client - END: CreateTransfer res=(transfer { id: "t:E34xzeAkGeAG7jFzFNWgHjafsMrEWrYW2QDMb4GWo3gg:5zKaki2W" transaction_id: "b3497c27-232a-4b59-b002-8a2a11f67106^DEBIT" created_at_ms: 1497054336348 payload { ref_id: "qZNklzZiyrmmKnUfCMRu" token_id: "tt:5rB8uzTmMZ45MPKtr6TgnWDCxyo9aDFM2A69fL38wksu:5zKaki2W" } payload_signatures { member_id: "m:3Xb2B1Zdng25erkZM2RTNwtjw7Un:5zKtXEAq" key_id: "TIdXIrjjszEP0DuX" signature: "i3-q71HYKbOjYt0E6WeAygCTynhUg-tjPzSofDnjOOa9eGAcMFXo6BvJpV-BVarUujxYcQp_tti-F_bqzYj7Bw" } payload_signatures { member_id: "hsbc" key_id: "1x7df4vuFUHYQCa7" signature: "L-sJ2xO3j87z1PDL0w_NgjUfVezanOQGaZi0fzPtQG7PQ9zHtiRpKQF_l-hIn2VZK-TERaUhVMNY6v57i971Dw" } status: PROCESSING }), Metadata()
    17:25:36:972 [Test worker] WARN io.token.TransferTokenBuilder - refId is not set. A random ID will be used.
    17:25:36:974 [Test worker] DEBUG io.token.proto.gateway.GatewayService.client - START: CreateTransferToken req=(payload { version: "1.0" ref_id: "aMgYVdutrRhlNGxWqXNg" from { id: "m:21bgSSSWL8kUPUoKt9BXZXMGNRus:5zKtXEAq" } transfer { redeemer { id: "m:3Xb2B1Zdng25erkZM2RTNwtjw7Un:5zKtXEAq" username: "username-KFtPhhGQuWuYxXLOCcCR" } instructions { source { account { token { member_id: "m:21bgSSSWL8kUPUoKt9BXZXMGNRus:5zKtXEAq" account_id: "a:4VESqdLJz3HE57hKU1ohNPzW6qfaBtFVuCLVDDVkKWRn:5zKaki2W" } } } destinations { account { token { member_id: "m:3Xb2B1Zdng25erkZM2RTNwtjw7Un:5zKtXEAq" account_id: "a:EgjQocTtjqpb6n9UayuXhFg7zyXztjHW5N8pbCav5igz:5zKaki2W" } } } } currency: "SGD" lifetime_amount: "200.0" } }), Metadata(token-realm=Token,token-scheme=Token-Ed25519-SHA512,token-key-id=ExDLazl9LymN8yJk,token-signature=G4r-SCjHXKO_jj_zBdVwbIa_VjCDpIDN6Uk1scPjvk2I2PRvsKslXTrouSolZCnlmxIMAheG5Z89filEkMTTCw,token-created-at-ms=1497054336972,token-member-id=m:21bgSSSWL8kUPUoKt9BXZXMGNRus:5zKtXEAq,token-sdk=java,token-sdk-version=1.0.30)
    17:25:40:586 [rpc-client-0] DEBUG io.token.proto.gateway.GatewayService.client - END: CreateTransferToken res=(token { id: "tt:Gp2u4QnhWpLqkSodhs6dJqHk5YCNCVq5W6FSQDqfzkTC:5zKaki2W" payload { version: "1.0" ref_id: "aMgYVdutrRhlNGxWqXNg" issuer { id: "hsbc" username: "hsbc" } from { id: "m:21bgSSSWL8kUPUoKt9BXZXMGNRus:5zKtXEAq" } transfer { redeemer { id: "m:3Xb2B1Zdng25erkZM2RTNwtjw7Un:5zKtXEAq" username: "username-KFtPhhGQuWuYxXLOCcCR" } instructions { source { account { token { member_id: "m:21bgSSSWL8kUPUoKt9BXZXMGNRus:5zKtXEAq" account_id: "a:4VESqdLJz3HE57hKU1ohNPzW6qfaBtFVuCLVDDVkKWRn:5zKaki2W" } } } destinations { account { token { member_id: "m:3Xb2B1Zdng25erkZM2RTNwtjw7Un:5zKtXEAq" account_id: "a:EgjQocTtjqpb6n9UayuXhFg7zyXztjHW5N8pbCav5igz:5zKaki2W" } } } } currency: "SGD" lifetime_amount: "200.0" pricing { source_quote { id: "a22be8c5-82e0-4577-a804-7723e1b50f12" account_currency: "VND" fees_total: "6" fees { amount: "6" description: "Coversion Fee" } rates { base_currency: "VND" quote_currency: "SGD" rate: "16418.63993" } expires_at_ms: 1497140740507 } destination_quote { id: "a22be8c5-82e0-4577-a804-7723e1b50f12" account_currency: "SGD" fees_total: "0.0" rates { base_currency: "SGD" quote_currency: "SGD" rate: "1" } expires_at_ms: 1497140737248 } instructions { fees_paid_by: SHARED_FEE fx_performed_by: SHARED_FX } } } } } status: SUCCESS), Metadata()
    17:25:40:591 [Test worker] DEBUG io.token.proto.gateway.GatewayService.client - START: EndorseToken req=(token_id: "tt:Gp2u4QnhWpLqkSodhs6dJqHk5YCNCVq5W6FSQDqfzkTC:5zKaki2W" signature { member_id: "m:21bgSSSWL8kUPUoKt9BXZXMGNRus:5zKtXEAq" key_id: "hEm33_A33zUR00Gs" signature: "YHbNtPdQG1WnHn_JMUyE2yLTXY2BUldVSntq0FD_t0oE53h1VQxhyrwoFSiSZsGzDmeWkq7wnsyS8HjmC0iZDw" }), Metadata(token-realm=Token,token-scheme=Token-Ed25519-SHA512,token-key-id=ExDLazl9LymN8yJk,token-signature=rRXqguEcULitwjb5XlUPSPQOxhMk_ALogQ2KuU9qr2JB_Ne0Ubj6-FA9XBaa78jD0-t7MA7QcnGwth-o_9S9CQ,token-created-at-ms=1497054340590,token-member-id=m:21bgSSSWL8kUPUoKt9BXZXMGNRus:5zKtXEAq,token-sdk=java,token-sdk-version=1.0.30)
    17:25:40:693 [rpc-client-0] DEBUG io.token.proto.gateway.GatewayService.client - END: EndorseToken res=(result { token { id: "tt:Gp2u4QnhWpLqkSodhs6dJqHk5YCNCVq5W6FSQDqfzkTC:5zKaki2W" payload { version: "1.0" ref_id: "aMgYVdutrRhlNGxWqXNg" issuer { id: "hsbc" username: "hsbc" } from { id: "m:21bgSSSWL8kUPUoKt9BXZXMGNRus:5zKtXEAq" } transfer { redeemer { id: "m:3Xb2B1Zdng25erkZM2RTNwtjw7Un:5zKtXEAq" username: "username-KFtPhhGQuWuYxXLOCcCR" } instructions { source { account { token { member_id: "m:21bgSSSWL8kUPUoKt9BXZXMGNRus:5zKtXEAq" account_id: "a:4VESqdLJz3HE57hKU1ohNPzW6qfaBtFVuCLVDDVkKWRn:5zKaki2W" } } } destinations { account { token { member_id: "m:3Xb2B1Zdng25erkZM2RTNwtjw7Un:5zKtXEAq" account_id: "a:EgjQocTtjqpb6n9UayuXhFg7zyXztjHW5N8pbCav5igz:5zKaki2W" } } } } currency: "SGD" lifetime_amount: "200.0" pricing { source_quote { id: "a22be8c5-82e0-4577-a804-7723e1b50f12" account_currency: "VND" fees_total: "6" fees { amount: "6" description: "Coversion Fee" } rates { base_currency: "VND" quote_currency: "SGD" rate: "16418.63993" } expires_at_ms: 1497140740507 } destination_quote { id: "a22be8c5-82e0-4577-a804-7723e1b50f12" account_currency: "SGD" fees_total: "0.0" rates { base_currency: "SGD" quote_currency: "SGD" rate: "1" } expires_at_ms: 1497140737248 } instructions { fees_paid_by: SHARED_FEE fx_performed_by: SHARED_FX } } } } payload_signatures { action: ENDORSED signature { member_id: "m:21bgSSSWL8kUPUoKt9BXZXMGNRus:5zKtXEAq" key_id: "hEm33_A33zUR00Gs" signature: "YHbNtPdQG1WnHn_JMUyE2yLTXY2BUldVSntq0FD_t0oE53h1VQxhyrwoFSiSZsGzDmeWkq7wnsyS8HjmC0iZDw" } } payload_signatures { action: ENDORSED signature { member_id: "hsbc" key_id: "1x7df4vuFUHYQCa7" signature: "TaJOQD642rG-sRJMLYS60qYeAPwJDza51Kc9dl1M5U7OrrYEjD70Vj4_gLCEofzxk_Hg5PPz5F0dGQ1d7amXDA" } } } status: SUCCESS }), Metadata()
    17:25:40:694 [Test worker] WARN io.token.MemberAsync - refId is not set. A random ID will be used.
    17:25:40:697 [Test worker] DEBUG io.token.proto.gateway.GatewayService.client - START: CreateTransfer req=(payload { ref_id: "tUgMlXeeQarFvmRyhHNH" token_id: "tt:Gp2u4QnhWpLqkSodhs6dJqHk5YCNCVq5W6FSQDqfzkTC:5zKaki2W" } payload_signature { member_id: "m:3Xb2B1Zdng25erkZM2RTNwtjw7Un:5zKtXEAq" key_id: "TIdXIrjjszEP0DuX" signature: "9usNl5SBKhOJCrV1u5-MiJLQyl6aVOKIFtgpQQrODXyYXxwdq3dr5Qf3s5QzJJLbU3fHaFEQ5QgPTpnpnXRaDg" }), Metadata(token-realm=Token,token-scheme=Token-Ed25519-SHA512,token-key-id=TIdXIrjjszEP0DuX,token-signature=WEeSBxSDdCbDhtGmyVtA6K4Puva-i-tYkPX-B9K4scPkx7Jjp9U7Mlc944qu9oST_XmPAAjmaVB10ZwsX9afBw,token-created-at-ms=1497054340695,token-member-id=m:3Xb2B1Zdng25erkZM2RTNwtjw7Un:5zKtXEAq,token-sdk=java,token-sdk-version=1.0.30)
    17:25:41:348 [rpc-client-0] DEBUG io.token.proto.gateway.GatewayService.client - END: CreateTransfer res=(transfer { id: "t:BCJLii79nvCThNiJqgyApDJAsiauHrWPuHL4knWod1ML:5zKaki2W" transaction_id: "a22be8c5-82e0-4577-a804-7723e1b50f12^DEBIT" created_at_ms: 1497054340769 payload { ref_id: "tUgMlXeeQarFvmRyhHNH" token_id: "tt:Gp2u4QnhWpLqkSodhs6dJqHk5YCNCVq5W6FSQDqfzkTC:5zKaki2W" } payload_signatures { member_id: "m:3Xb2B1Zdng25erkZM2RTNwtjw7Un:5zKtXEAq" key_id: "TIdXIrjjszEP0DuX" signature: "9usNl5SBKhOJCrV1u5-MiJLQyl6aVOKIFtgpQQrODXyYXxwdq3dr5Qf3s5QzJJLbU3fHaFEQ5QgPTpnpnXRaDg" } payload_signatures { member_id: "hsbc" key_id: "1x7df4vuFUHYQCa7" signature: "y3TwHg0RO0Y-crPG2-FxEoV6wQL481zMqEpG8y6ONkgsiSPe_STqj0oP-oUtJfvkyJTZC2591NO9ZBt7cf41AA" } status: PROCESSING }), Metadata()
    17:25:41:349 [Test worker] WARN io.token.TransferTokenBuilder - refId is not set. A random ID will be used.
    17:25:41:351 [Test worker] DEBUG io.token.proto.gateway.GatewayService.client - START: CreateTransferToken req=(payload { version: "1.0" ref_id: "fDakIPyfcKKfNVPSOdBQ" from { id: "m:21bgSSSWL8kUPUoKt9BXZXMGNRus:5zKtXEAq" } transfer { redeemer { id: "m:3Xb2B1Zdng25erkZM2RTNwtjw7Un:5zKtXEAq" username: "username-KFtPhhGQuWuYxXLOCcCR" } instructions { source { account { token { member_id: "m:21bgSSSWL8kUPUoKt9BXZXMGNRus:5zKtXEAq" account_id: "a:4VESqdLJz3HE57hKU1ohNPzW6qfaBtFVuCLVDDVkKWRn:5zKaki2W" } } } destinations { account { token { member_id: "m:3Xb2B1Zdng25erkZM2RTNwtjw7Un:5zKtXEAq" account_id: "a:EgjQocTtjqpb6n9UayuXhFg7zyXztjHW5N8pbCav5igz:5zKaki2W" } } } } currency: "SGD" lifetime_amount: "300.0" } }), Metadata(token-realm=Token,token-scheme=Token-Ed25519-SHA512,token-key-id=ExDLazl9LymN8yJk,token-signature=Q8rej78WAZ6M0yce0cjZ06R4rkQ2shBKcm5B9PTFufmXnyLBlaschmTOFcU0ZrbB0OQkzW-9VDzue9UE727vBQ,token-created-at-ms=1497054341349,token-member-id=m:21bgSSSWL8kUPUoKt9BXZXMGNRus:5zKtXEAq,token-sdk=java,token-sdk-version=1.0.30)
    17:25:44:969 [rpc-client-0] DEBUG io.token.proto.gateway.GatewayService.client - END: CreateTransferToken res=(token { id: "tt:Cwhz3NiSZwPg4VgPRtLk3zcM4QFiMK1xNUGa7vto1CRT:5zKaki2W" payload { version: "1.0" ref_id: "fDakIPyfcKKfNVPSOdBQ" issuer { id: "hsbc" username: "hsbc" } from { id: "m:21bgSSSWL8kUPUoKt9BXZXMGNRus:5zKtXEAq" } transfer { redeemer { id: "m:3Xb2B1Zdng25erkZM2RTNwtjw7Un:5zKtXEAq" username: "username-KFtPhhGQuWuYxXLOCcCR" } instructions { source { account { token { member_id: "m:21bgSSSWL8kUPUoKt9BXZXMGNRus:5zKtXEAq" account_id: "a:4VESqdLJz3HE57hKU1ohNPzW6qfaBtFVuCLVDDVkKWRn:5zKaki2W" } } } destinations { account { token { member_id: "m:3Xb2B1Zdng25erkZM2RTNwtjw7Un:5zKtXEAq" account_id: "a:EgjQocTtjqpb6n9UayuXhFg7zyXztjHW5N8pbCav5igz:5zKaki2W" } } } } currency: "SGD" lifetime_amount: "300.0" pricing { source_quote { id: "cf2d6ec4-466e-46b5-b924-6313e0b4d7ca" account_currency: "VND" fees_total: "6" fees { amount: "6" description: "Coversion Fee" } rates { base_currency: "VND" quote_currency: "SGD" rate: "16418.63993" } expires_at_ms: 1497140744875 } destination_quote { id: "cf2d6ec4-466e-46b5-b924-6313e0b4d7ca" account_currency: "SGD" fees_total: "0.0" rates { base_currency: "SGD" quote_currency: "SGD" rate: "1" } expires_at_ms: 1497140741617 } instructions { fees_paid_by: SHARED_FEE fx_performed_by: SHARED_FX } } } } } status: SUCCESS), Metadata()
    17:25:44:975 [Test worker] DEBUG io.token.proto.gateway.GatewayService.client - START: EndorseToken req=(token_id: "tt:Cwhz3NiSZwPg4VgPRtLk3zcM4QFiMK1xNUGa7vto1CRT:5zKaki2W" signature { member_id: "m:21bgSSSWL8kUPUoKt9BXZXMGNRus:5zKtXEAq" key_id: "hEm33_A33zUR00Gs" signature: "9ZDb5ttQHTdmvD97VESwwNqO3RLPhnUk1vs23Y1gTgn2cS-42xtc_5Y1nssCGMSidlc-b6FxF0UMtPcR398wBg" }), Metadata(token-realm=Token,token-scheme=Token-Ed25519-SHA512,token-key-id=ExDLazl9LymN8yJk,token-signature=A7VebPDqYY6IX81OYv20t6HjMIopLfbOsermYmW68W2n0GaLjegwZGs6H-_Vpn2b0XW0ubTRmcwVZAZEDqaNCA,token-created-at-ms=1497054344974,token-member-id=m:21bgSSSWL8kUPUoKt9BXZXMGNRus:5zKtXEAq,token-sdk=java,token-sdk-version=1.0.30)
    17:25:45:073 [rpc-client-0] DEBUG io.token.proto.gateway.GatewayService.client - END: EndorseToken res=(result { token { id: "tt:Cwhz3NiSZwPg4VgPRtLk3zcM4QFiMK1xNUGa7vto1CRT:5zKaki2W" payload { version: "1.0" ref_id: "fDakIPyfcKKfNVPSOdBQ" issuer { id: "hsbc" username: "hsbc" } from { id: "m:21bgSSSWL8kUPUoKt9BXZXMGNRus:5zKtXEAq" } transfer { redeemer { id: "m:3Xb2B1Zdng25erkZM2RTNwtjw7Un:5zKtXEAq" username: "username-KFtPhhGQuWuYxXLOCcCR" } instructions { source { account { token { member_id: "m:21bgSSSWL8kUPUoKt9BXZXMGNRus:5zKtXEAq" account_id: "a:4VESqdLJz3HE57hKU1ohNPzW6qfaBtFVuCLVDDVkKWRn:5zKaki2W" } } } destinations { account { token { member_id: "m:3Xb2B1Zdng25erkZM2RTNwtjw7Un:5zKtXEAq" account_id: "a:EgjQocTtjqpb6n9UayuXhFg7zyXztjHW5N8pbCav5igz:5zKaki2W" } } } } currency: "SGD" lifetime_amount: "300.0" pricing { source_quote { id: "cf2d6ec4-466e-46b5-b924-6313e0b4d7ca" account_currency: "VND" fees_total: "6" fees { amount: "6" description: "Coversion Fee" } rates { base_currency: "VND" quote_currency: "SGD" rate: "16418.63993" } expires_at_ms: 1497140744875 } destination_quote { id: "cf2d6ec4-466e-46b5-b924-6313e0b4d7ca" account_currency: "SGD" fees_total: "0.0" rates { base_currency: "SGD" quote_currency: "SGD" rate: "1" } expires_at_ms: 1497140741617 } instructions { fees_paid_by: SHARED_FEE fx_performed_by: SHARED_FX } } } } payload_signatures { action: ENDORSED signature { member_id: "m:21bgSSSWL8kUPUoKt9BXZXMGNRus:5zKtXEAq" key_id: "hEm33_A33zUR00Gs" signature: "9ZDb5ttQHTdmvD97VESwwNqO3RLPhnUk1vs23Y1gTgn2cS-42xtc_5Y1nssCGMSidlc-b6FxF0UMtPcR398wBg" } } payload_signatures { action: ENDORSED signature { member_id: "hsbc" key_id: "1x7df4vuFUHYQCa7" signature: "9kCdoQJ6mHW4rn4V-BC2WSRKk8RsN_gauGdJwU4Ea1LKunVMq6cbda0D_lMWU8V19Wx8wl_1-A1WYh31FgkjDA" } } } status: SUCCESS }), Metadata()
    17:25:45:076 [Test worker] WARN io.token.MemberAsync - refId is not set. A random ID will be used.
    17:25:45:079 [Test worker] DEBUG io.token.proto.gateway.GatewayService.client - START: CreateTransfer req=(payload { ref_id: "umJfJUuyqmTBwKzayajP" token_id: "tt:Cwhz3NiSZwPg4VgPRtLk3zcM4QFiMK1xNUGa7vto1CRT:5zKaki2W" } payload_signature { member_id: "m:3Xb2B1Zdng25erkZM2RTNwtjw7Un:5zKtXEAq" key_id: "TIdXIrjjszEP0DuX" signature: "z4W07n5OrtFZnoAl25tv681vSOOwLSaxDvFujlorJg2fq0yfcH5X9S33cWNyETFqDX76m8BRR2tNXDjUtbPiAQ" }), Metadata(token-realm=Token,token-scheme=Token-Ed25519-SHA512,token-key-id=TIdXIrjjszEP0DuX,token-signature=Wds9nsJarm96u1A1vEI0NBqzTc_7rY-0xKGZ_e0cFW0mOHkvL6r1EvgSU4hy9o9CxAcgNtpueQ3R-Uhh9Ph9Ag,token-created-at-ms=1497054345078,token-member-id=m:3Xb2B1Zdng25erkZM2RTNwtjw7Un:5zKtXEAq,token-sdk=java,token-sdk-version=1.0.30)
    17:25:45:822 [rpc-client-0] DEBUG io.token.proto.gateway.GatewayService.client - END: CreateTransfer res=(transfer { id: "t:A15wjbiYsNXy5J41bE3deXEzpLL1hG4F61a1TojEDeC7:5zKaki2W" transaction_id: "cf2d6ec4-466e-46b5-b924-6313e0b4d7ca^DEBIT" created_at_ms: 1497054345180 payload { ref_id: "umJfJUuyqmTBwKzayajP" token_id: "tt:Cwhz3NiSZwPg4VgPRtLk3zcM4QFiMK1xNUGa7vto1CRT:5zKaki2W" } payload_signatures { member_id: "hsbc" key_id: "1x7df4vuFUHYQCa7" signature: "qUpfHUcOyDJfMoCkNnSUawcGDIqRLvy1EN-2RznnyYl-ctaxPmUqNDHf9ot94YCrECAvdL0CC-8LOetZ9apLCg" } payload_signatures { member_id: "m:3Xb2B1Zdng25erkZM2RTNwtjw7Un:5zKtXEAq" key_id: "TIdXIrjjszEP0DuX" signature: "z4W07n5OrtFZnoAl25tv681vSOOwLSaxDvFujlorJg2fq0yfcH5X9S33cWNyETFqDX76m8BRR2tNXDjUtbPiAQ" } status: PROCESSING }), Metadata()
    17:25:45:823 [Test worker] WARN io.token.TransferTokenBuilder - refId is not set. A random ID will be used.
    17:25:45:828 [Test worker] DEBUG io.token.proto.gateway.GatewayService.client - START: CreateTransferToken req=(payload { version: "1.0" ref_id: "gtZSDCofxJXeoofeKxHB" from { id: "m:21bgSSSWL8kUPUoKt9BXZXMGNRus:5zKtXEAq" } transfer { redeemer { id: "m:3Xb2B1Zdng25erkZM2RTNwtjw7Un:5zKtXEAq" username: "username-KFtPhhGQuWuYxXLOCcCR" } instructions { source { account { token { member_id: "m:21bgSSSWL8kUPUoKt9BXZXMGNRus:5zKtXEAq" account_id: "a:4VESqdLJz3HE57hKU1ohNPzW6qfaBtFVuCLVDDVkKWRn:5zKaki2W" } } } destinations { account { token { member_id: "m:3Xb2B1Zdng25erkZM2RTNwtjw7Un:5zKtXEAq" account_id: "a:EgjQocTtjqpb6n9UayuXhFg7zyXztjHW5N8pbCav5igz:5zKaki2W" } } } } currency: "SGD" lifetime_amount: "400.0" } }), Metadata(token-realm=Token,token-scheme=Token-Ed25519-SHA512,token-key-id=ExDLazl9LymN8yJk,token-signature=0vCE5sJlwlWDiWBSeAzhalQ1LAZUoG0-u2z85MI4rdtoaZ7EOKUOuC9az0-Buf9vAj7borX5rAoyZfubVacEAg,token-created-at-ms=1497054345825,token-member-id=m:21bgSSSWL8kUPUoKt9BXZXMGNRus:5zKtXEAq,token-sdk=java,token-sdk-version=1.0.30)
    17:25:49:801 [rpc-client-0] DEBUG io.token.proto.gateway.GatewayService.client - END: CreateTransferToken res=(token { id: "tt:3551AiyVuzPWqQgSi4ZS41cBXKy5ktvtdcKTESSKQxat:5zKaki2W" payload { version: "1.0" ref_id: "gtZSDCofxJXeoofeKxHB" issuer { id: "hsbc" username: "hsbc" } from { id: "m:21bgSSSWL8kUPUoKt9BXZXMGNRus:5zKtXEAq" } transfer { redeemer { id: "m:3Xb2B1Zdng25erkZM2RTNwtjw7Un:5zKtXEAq" username: "username-KFtPhhGQuWuYxXLOCcCR" } instructions { source { account { token { member_id: "m:21bgSSSWL8kUPUoKt9BXZXMGNRus:5zKtXEAq" account_id: "a:4VESqdLJz3HE57hKU1ohNPzW6qfaBtFVuCLVDDVkKWRn:5zKaki2W" } } } destinations { account { token { member_id: "m:3Xb2B1Zdng25erkZM2RTNwtjw7Un:5zKtXEAq" account_id: "a:EgjQocTtjqpb6n9UayuXhFg7zyXztjHW5N8pbCav5igz:5zKaki2W" } } } } currency: "SGD" lifetime_amount: "400.0" pricing { source_quote { id: "f2c41b8a-4a8d-4c1f-822b-4224dd02c9e6" account_currency: "VND" fees_total: "6" fees { amount: "6" description: "Coversion Fee" } rates { base_currency: "VND" quote_currency: "SGD" rate: "16418.63993" } expires_at_ms: 1497140749722 } destination_quote { id: "f2c41b8a-4a8d-4c1f-822b-4224dd02c9e6" account_currency: "SGD" fees_total: "0.0" rates { base_currency: "SGD" quote_currency: "SGD" rate: "1" } expires_at_ms: 1497140746092 } instructions { fees_paid_by: SHARED_FEE fx_performed_by: SHARED_FX } } } } } status: SUCCESS), Metadata()
    17:25:49:805 [Test worker] DEBUG io.token.proto.gateway.GatewayService.client - START: EndorseToken req=(token_id: "tt:3551AiyVuzPWqQgSi4ZS41cBXKy5ktvtdcKTESSKQxat:5zKaki2W" signature { member_id: "m:21bgSSSWL8kUPUoKt9BXZXMGNRus:5zKtXEAq" key_id: "hEm33_A33zUR00Gs" signature: "26TK1oe4NmiBxATMaGGzbPGfBxz_i8VRApTDnHReZz8zcvNAvzlnJm-S3fIxIiltjKzRmWle69eyTyYDBXhQAg" }), Metadata(token-realm=Token,token-scheme=Token-Ed25519-SHA512,token-key-id=ExDLazl9LymN8yJk,token-signature=j7rrDJqlv3ZgMItpJAVrrxYj-YiFCFczOAalAvP2zX8VVRrO01bphPXItpXEjNkz3VQQhy3Yy0lyCyWxg2yGDw,token-created-at-ms=1497054349805,token-member-id=m:21bgSSSWL8kUPUoKt9BXZXMGNRus:5zKtXEAq,token-sdk=java,token-sdk-version=1.0.30)
    17:25:49:889 [rpc-client-0] DEBUG io.token.proto.gateway.GatewayService.client - END: EndorseToken res=(result { token { id: "tt:3551AiyVuzPWqQgSi4ZS41cBXKy5ktvtdcKTESSKQxat:5zKaki2W" payload { version: "1.0" ref_id: "gtZSDCofxJXeoofeKxHB" issuer { id: "hsbc" username: "hsbc" } from { id: "m:21bgSSSWL8kUPUoKt9BXZXMGNRus:5zKtXEAq" } transfer { redeemer { id: "m:3Xb2B1Zdng25erkZM2RTNwtjw7Un:5zKtXEAq" username: "username-KFtPhhGQuWuYxXLOCcCR" } instructions { source { account { token { member_id: "m:21bgSSSWL8kUPUoKt9BXZXMGNRus:5zKtXEAq" account_id: "a:4VESqdLJz3HE57hKU1ohNPzW6qfaBtFVuCLVDDVkKWRn:5zKaki2W" } } } destinations { account { token { member_id: "m:3Xb2B1Zdng25erkZM2RTNwtjw7Un:5zKtXEAq" account_id: "a:EgjQocTtjqpb6n9UayuXhFg7zyXztjHW5N8pbCav5igz:5zKaki2W" } } } } currency: "SGD" lifetime_amount: "400.0" pricing { source_quote { id: "f2c41b8a-4a8d-4c1f-822b-4224dd02c9e6" account_currency: "VND" fees_total: "6" fees { amount: "6" description: "Coversion Fee" } rates { base_currency: "VND" quote_currency: "SGD" rate: "16418.63993" } expires_at_ms: 1497140749722 } destination_quote { id: "f2c41b8a-4a8d-4c1f-822b-4224dd02c9e6" account_currency: "SGD" fees_total: "0.0" rates { base_currency: "SGD" quote_currency: "SGD" rate: "1" } expires_at_ms: 1497140746092 } instructions { fees_paid_by: SHARED_FEE fx_performed_by: SHARED_FX } } } } payload_signatures { action: ENDORSED signature { member_id: "m:21bgSSSWL8kUPUoKt9BXZXMGNRus:5zKtXEAq" key_id: "hEm33_A33zUR00Gs" signature: "26TK1oe4NmiBxATMaGGzbPGfBxz_i8VRApTDnHReZz8zcvNAvzlnJm-S3fIxIiltjKzRmWle69eyTyYDBXhQAg" } } payload_signatures { action: ENDORSED signature { member_id: "hsbc" key_id: "1x7df4vuFUHYQCa7" signature: "IXxz7oe97rvwtz4LJRRdQG0_bK9Uo-_6uein0YiTP2gWan7LvoqwrJYrxt0x8njrtQLfpGmMSR2jO7_mFATyDA" } } } status: SUCCESS }), Metadata()
    17:25:49:889 [Test worker] WARN io.token.MemberAsync - refId is not set. A random ID will be used.
    17:25:49:893 [Test worker] DEBUG io.token.proto.gateway.GatewayService.client - START: CreateTransfer req=(payload { ref_id: "mxeRQXzozlTYUXNxfPgC" token_id: "tt:3551AiyVuzPWqQgSi4ZS41cBXKy5ktvtdcKTESSKQxat:5zKaki2W" } payload_signature { member_id: "m:3Xb2B1Zdng25erkZM2RTNwtjw7Un:5zKtXEAq" key_id: "TIdXIrjjszEP0DuX" signature: "f6vMuPFMtRwK68W3aiTOk6oqYqMT5ciekJ9mpd0KssAWUEdPed-pn0PD6NThDSkkZs40r7qlVUhEWU7FuLJTBA" }), Metadata(token-realm=Token,token-scheme=Token-Ed25519-SHA512,token-key-id=TIdXIrjjszEP0DuX,token-signature=vuMqKBjz-2NSFmLtmbh3MIObshYjKnRJlW0cYG2VL6v2sN2p597-GcoTz6Hz8L1KVs4VoUNEhDbIZ-qC6whcBw,token-created-at-ms=1497054349891,token-member-id=m:3Xb2B1Zdng25erkZM2RTNwtjw7Un:5zKtXEAq,token-sdk=java,token-sdk-version=1.0.30)
    17:25:50:585 [rpc-client-0] DEBUG io.token.proto.gateway.GatewayService.client - END: CreateTransfer res=(transfer { id: "t:5qaXm9RpRmr7VoUyAcipcMtRRaS9vhpp9LeZd9VysBZK:5zKaki2W" transaction_id: "f2c41b8a-4a8d-4c1f-822b-4224dd02c9e6^DEBIT" created_at_ms: 1497054349968 payload { ref_id: "mxeRQXzozlTYUXNxfPgC" token_id: "tt:3551AiyVuzPWqQgSi4ZS41cBXKy5ktvtdcKTESSKQxat:5zKaki2W" } payload_signatures { member_id: "m:3Xb2B1Zdng25erkZM2RTNwtjw7Un:5zKtXEAq" key_id: "TIdXIrjjszEP0DuX" signature: "f6vMuPFMtRwK68W3aiTOk6oqYqMT5ciekJ9mpd0KssAWUEdPed-pn0PD6NThDSkkZs40r7qlVUhEWU7FuLJTBA" } payload_signatures { member_id: "hsbc" key_id: "1x7df4vuFUHYQCa7" signature: "-JFRb4T3NW59ZG1sUj4oB7qf4bxNoO3NTCacBMcVhdNFgvVqjHh1AykF1S6HGqIR5esSWAjqeo_VkLaP1MbuAA" } status: PROCESSING }), Metadata()
    17:25:50:586 [Test worker] WARN io.token.TransferTokenBuilder - refId is not set. A random ID will be used.
    17:25:50:588 [Test worker] DEBUG io.token.proto.gateway.GatewayService.client - START: CreateTransferToken req=(payload { version: "1.0" ref_id: "EsMATZyhLcHljoUbRvlY" from { id: "m:21bgSSSWL8kUPUoKt9BXZXMGNRus:5zKtXEAq" } transfer { redeemer { id: "m:3Xb2B1Zdng25erkZM2RTNwtjw7Un:5zKtXEAq" username: "username-KFtPhhGQuWuYxXLOCcCR" } instructions { source { account { token { member_id: "m:21bgSSSWL8kUPUoKt9BXZXMGNRus:5zKtXEAq" account_id: "a:4VESqdLJz3HE57hKU1ohNPzW6qfaBtFVuCLVDDVkKWRn:5zKaki2W" } } } destinations { account { token { member_id: "m:3Xb2B1Zdng25erkZM2RTNwtjw7Un:5zKtXEAq" account_id: "a:EgjQocTtjqpb6n9UayuXhFg7zyXztjHW5N8pbCav5igz:5zKaki2W" } } } } currency: "SGD" lifetime_amount: "500.0" } }), Metadata(token-realm=Token,token-scheme=Token-Ed25519-SHA512,token-key-id=ExDLazl9LymN8yJk,token-signature=tbhq3ReyCcJEpTJySzY_H09_KJz1r_OZm1f02UUDUmevpa83VmzKCMAlJ7zoJpMgZJnwH_K6kNO6kUe-BCwMBw,token-created-at-ms=1497054350587,token-member-id=m:21bgSSSWL8kUPUoKt9BXZXMGNRus:5zKtXEAq,token-sdk=java,token-sdk-version=1.0.30)
    17:25:54:226 [rpc-client-0] DEBUG io.token.proto.gateway.GatewayService.client - END: CreateTransferToken res=(token { id: "tt:GPMShaT57r3rRka1PxAJpBv4bsZd92LmASg2ggSxdvE8:5zKaki2W" payload { version: "1.0" ref_id: "EsMATZyhLcHljoUbRvlY" issuer { id: "hsbc" username: "hsbc" } from { id: "m:21bgSSSWL8kUPUoKt9BXZXMGNRus:5zKtXEAq" } transfer { redeemer { id: "m:3Xb2B1Zdng25erkZM2RTNwtjw7Un:5zKtXEAq" username: "username-KFtPhhGQuWuYxXLOCcCR" } instructions { source { account { token { member_id: "m:21bgSSSWL8kUPUoKt9BXZXMGNRus:5zKtXEAq" account_id: "a:4VESqdLJz3HE57hKU1ohNPzW6qfaBtFVuCLVDDVkKWRn:5zKaki2W" } } } destinations { account { token { member_id: "m:3Xb2B1Zdng25erkZM2RTNwtjw7Un:5zKtXEAq" account_id: "a:EgjQocTtjqpb6n9UayuXhFg7zyXztjHW5N8pbCav5igz:5zKaki2W" } } } } currency: "SGD" lifetime_amount: "500.0" pricing { source_quote { id: "f7d8bcdc-99cc-49e0-bde3-8680c17eaecb" account_currency: "VND" fees_total: "6" fees { amount: "6" description: "Coversion Fee" } rates { base_currency: "VND" quote_currency: "SGD" rate: "16418.63993" } expires_at_ms: 1497140754133 } destination_quote { id: "f7d8bcdc-99cc-49e0-bde3-8680c17eaecb" account_currency: "SGD" fees_total: "0.0" rates { base_currency: "SGD" quote_currency: "SGD" rate: "1" } expires_at_ms: 1497140750877 } instructions { fees_paid_by: SHARED_FEE fx_performed_by: SHARED_FX } } } } } status: SUCCESS), Metadata()
    17:25:54:231 [Test worker] DEBUG io.token.proto.gateway.GatewayService.client - START: EndorseToken req=(token_id: "tt:GPMShaT57r3rRka1PxAJpBv4bsZd92LmASg2ggSxdvE8:5zKaki2W" signature { member_id: "m:21bgSSSWL8kUPUoKt9BXZXMGNRus:5zKtXEAq" key_id: "hEm33_A33zUR00Gs" signature: "kmypORbAoxlpwm_IgZw_zp0mjz-GeTiriZ86jtcdR78WY8EBADSoGj-Y448O3VeyFqbNSKQGhB7dfZsNe8G_Dw" }), Metadata(token-realm=Token,token-scheme=Token-Ed25519-SHA512,token-key-id=ExDLazl9LymN8yJk,token-signature=ImbtlIN2lykCplFJv9pWH7KrPJA7xjPvFbr4Xq5G9zf_u4EwkyUSb1EL3hilu7BPgk88hXng1xkWrBy-VO9aAw,token-created-at-ms=1497054354230,token-member-id=m:21bgSSSWL8kUPUoKt9BXZXMGNRus:5zKtXEAq,token-sdk=java,token-sdk-version=1.0.30)
    17:25:54:374 [rpc-client-0] DEBUG io.token.proto.gateway.GatewayService.client - END: EndorseToken res=(result { token { id: "tt:GPMShaT57r3rRka1PxAJpBv4bsZd92LmASg2ggSxdvE8:5zKaki2W" payload { version: "1.0" ref_id: "EsMATZyhLcHljoUbRvlY" issuer { id: "hsbc" username: "hsbc" } from { id: "m:21bgSSSWL8kUPUoKt9BXZXMGNRus:5zKtXEAq" } transfer { redeemer { id: "m:3Xb2B1Zdng25erkZM2RTNwtjw7Un:5zKtXEAq" username: "username-KFtPhhGQuWuYxXLOCcCR" } instructions { source { account { token { member_id: "m:21bgSSSWL8kUPUoKt9BXZXMGNRus:5zKtXEAq" account_id: "a:4VESqdLJz3HE57hKU1ohNPzW6qfaBtFVuCLVDDVkKWRn:5zKaki2W" } } } destinations { account { token { member_id: "m:3Xb2B1Zdng25erkZM2RTNwtjw7Un:5zKtXEAq" account_id: "a:EgjQocTtjqpb6n9UayuXhFg7zyXztjHW5N8pbCav5igz:5zKaki2W" } } } } currency: "SGD" lifetime_amount: "500.0" pricing { source_quote { id: "f7d8bcdc-99cc-49e0-bde3-8680c17eaecb" account_currency: "VND" fees_total: "6" fees { amount: "6" description: "Coversion Fee" } rates { base_currency: "VND" quote_currency: "SGD" rate: "16418.63993" } expires_at_ms: 1497140754133 } destination_quote { id: "f7d8bcdc-99cc-49e0-bde3-8680c17eaecb" account_currency: "SGD" fees_total: "0.0" rates { base_currency: "SGD" quote_currency: "SGD" rate: "1" } expires_at_ms: 1497140750877 } instructions { fees_paid_by: SHARED_FEE fx_performed_by: SHARED_FX } } } } payload_signatures { action: ENDORSED signature { member_id: "m:21bgSSSWL8kUPUoKt9BXZXMGNRus:5zKtXEAq" key_id: "hEm33_A33zUR00Gs" signature: "kmypORbAoxlpwm_IgZw_zp0mjz-GeTiriZ86jtcdR78WY8EBADSoGj-Y448O3VeyFqbNSKQGhB7dfZsNe8G_Dw" } } payload_signatures { action: ENDORSED signature { member_id: "hsbc" key_id: "1x7df4vuFUHYQCa7" signature: "I9GN5iJSBfq-9rvmy6Jf36cYIxnP2SckmkAqaFChKqRGauKhuJDnra02qCbiGP5EFqXfpcH2cEBEjV9OQOFyCQ" } } } status: SUCCESS }), Metadata()
    17:25:54:374 [Test worker] WARN io.token.MemberAsync - refId is not set. A random ID will be used.
    17:25:54:376 [Test worker] DEBUG io.token.proto.gateway.GatewayService.client - START: CreateTransfer req=(payload { ref_id: "hqkEeUIDSPsWLglCKFrr" token_id: "tt:GPMShaT57r3rRka1PxAJpBv4bsZd92LmASg2ggSxdvE8:5zKaki2W" } payload_signature { member_id: "m:3Xb2B1Zdng25erkZM2RTNwtjw7Un:5zKtXEAq" key_id: "TIdXIrjjszEP0DuX" signature: "DTxdHyCycGhbC4dajWLSLsKMSfzxefUuFUAU7_fmuqCKwiT6YO6pFzPR84L16Bw_1_35GktWpwlnWPGmFnTDBg" }), Metadata(token-realm=Token,token-scheme=Token-Ed25519-SHA512,token-key-id=TIdXIrjjszEP0DuX,token-signature=27cvIjzuK8CP7JH_U0SHnU1RZZx7qNHEp9s_Gp9BcjqzKX-ZZCDfXQadKj536-Pmny2s6Kg5_nkj3A0eHobZCw,token-created-at-ms=1497054354375,token-member-id=m:3Xb2B1Zdng25erkZM2RTNwtjw7Un:5zKtXEAq,token-sdk=java,token-sdk-version=1.0.30)
    17:25:55:067 [rpc-client-0] DEBUG io.token.proto.gateway.GatewayService.client - END: CreateTransfer res=(transfer { id: "t:8nbTopgsjm8DbhfjSrrDtJTBVTjib4EyfiatyUrTNNs3:5zKaki2W" transaction_id: "f7d8bcdc-99cc-49e0-bde3-8680c17eaecb^DEBIT" created_at_ms: 1497054354435 payload { ref_id: "hqkEeUIDSPsWLglCKFrr" token_id: "tt:GPMShaT57r3rRka1PxAJpBv4bsZd92LmASg2ggSxdvE8:5zKaki2W" } payload_signatures { member_id: "hsbc" key_id: "1x7df4vuFUHYQCa7" signature: "nO5GffB8e9hmBmyKzbtMuzLbbOJTM_zTJu2zHHhL97u0IkcloRWqkRYh4pIDOhOu7digzGJzi87BRl-1dOXjAw" } payload_signatures { member_id: "m:3Xb2B1Zdng25erkZM2RTNwtjw7Un:5zKtXEAq" key_id: "TIdXIrjjszEP0DuX" signature: "DTxdHyCycGhbC4dajWLSLsKMSfzxefUuFUAU7_fmuqCKwiT6YO6pFzPR84L16Bw_1_35GktWpwlnWPGmFnTDBg" } status: PROCESSING }), Metadata()
    17:25:55:075 [Test worker] DEBUG io.token.proto.gateway.GatewayService.client - START: GetTransactions req=(account_id: "a:4VESqdLJz3HE57hKU1ohNPzW6qfaBtFVuCLVDDVkKWRn:5zKaki2W" page { limit: 25 }), Metadata(token-realm=Token,token-scheme=Token-Ed25519-SHA512,token-key-id=ExDLazl9LymN8yJk,token-signature=ADhbiQUU_bjfy42EX_97Meiri-BfDhBv3dyJ4OVKQU-9denBMlXhvieBfUyP9d8s8UM6kvz4rPDLW-5F_UbvBg,token-created-at-ms=1497054355073,token-member-id=m:21bgSSSWL8kUPUoKt9BXZXMGNRus:5zKtXEAq,token-sdk=java,token-sdk-version=1.0.30)
    17:25:55:429 [rpc-client-0] DEBUG io.token.proto.gateway.GatewayService.client - END: GetTransactions res=(transactions { id: "f2c41b8a-4a8d-4c1f-822b-4224dd02c9e6^DEBIT" type: DEBIT status: SUCCESS amount { currency: "VND" value: "6567456" } token_id: "tt:3551AiyVuzPWqQgSi4ZS41cBXKy5ktvtdcKTESSKQxat:5zKaki2W" token_transfer_id: "t:5qaXm9RpRmr7VoUyAcipcMtRRaS9vhpp9LeZd9VysBZK:5zKaki2W" } transactions { id: "cf2d6ec4-466e-46b5-b924-6313e0b4d7ca^DEBIT" type: DEBIT status: SUCCESS amount { currency: "VND" value: "4925592" } token_id: "tt:Cwhz3NiSZwPg4VgPRtLk3zcM4QFiMK1xNUGa7vto1CRT:5zKaki2W" token_transfer_id: "t:A15wjbiYsNXy5J41bE3deXEzpLL1hG4F61a1TojEDeC7:5zKaki2W" } transactions { id: "a22be8c5-82e0-4577-a804-7723e1b50f12^DEBIT" type: DEBIT status: SUCCESS amount { currency: "VND" value: "3283728" } token_id: "tt:Gp2u4QnhWpLqkSodhs6dJqHk5YCNCVq5W6FSQDqfzkTC:5zKaki2W" token_transfer_id: "t:BCJLii79nvCThNiJqgyApDJAsiauHrWPuHL4knWod1ML:5zKaki2W" } transactions { id: "b3497c27-232a-4b59-b002-8a2a11f67106^DEBIT" type: DEBIT status: SUCCESS amount { currency: "VND" value: "1641864" } token_id: "tt:5rB8uzTmMZ45MPKtr6TgnWDCxyo9aDFM2A69fL38wksu:5zKaki2W" token_transfer_id: "t:E34xzeAkGeAG7jFzFNWgHjafsMrEWrYW2QDMb4GWo3gg:5zKaki2W" } transactions { id: "738601d4-5915-48b4-bb85-ef75d6dfb12c^DEBIT" type: DEBIT status: SUCCESS amount { currency: "VND" value: "1641864" } token_id: "tt:9UpkzuHPtVqsjvHr5rPDSWi1QKMLfNAdFJD5vmMsPiGr:5zKaki2W" token_transfer_id: "t:7QY8R8JAn26cGooLRKjsUwyttmEFxA8Uq6fmhsQbSodp:5zKaki2W" } transactions { id: "97a5fafe-4e13-435d-900b-a9b5461155c4^DEBIT" type: DEBIT status: SUCCESS amount { currency: "VND" value: "1641864" } } transactions { id: "59809afc-2f96-47b7-9b25-6db4fbe71975^CREDIT" type: CREDIT status: PROCESSING amount { currency: "VND" value: "100" } } transactions { id: "59809afc-2f96-47b7-9b25-6db4fbe71975^DEBIT" type: DEBIT status: PROCESSING amount { currency: "VND" value: "100" } } transactions { id: "a8aefb19-cdde-4450-bffb-5713830b0f70^DEBIT" type: DEBIT status: SUCCESS amount { currency: "VND" value: "8209320" } token_id: "tt:EX5SRePh8V11U8DfKy9iGgvZYdVCnXhwSotAJ8KYfGyi:5zKaki2W" token_transfer_id: "t:6Mfh59jXb4gviyj5fJzA2i7DQpzzQs31XR9DcNntpLGi:5zKaki2W" } transactions { id: "1d35b70e-041b-42ff-afad-1908b5352cb1^DEBIT" type: DEBIT status: SUCCESS amount { currency: "VND" value: "6567456" } token_id: "tt:HhQhjZ9mr3MaVtqPMxUA9nGeEY2y8rU4qpQghCd9RvdD:5zKaki2W" token_transfer_id: "t:H1autxh8Mmsznz1BFzonFdN26dmxt3z7WhFu8ZLKDEcf:5zKaki2W" } transactions { id: "35832591-a6e4-4b20-8f88-65da6592463f^DEBIT" type: DEBIT status: SUCCESS amount { currency: "VND" value: "4925592" } token_id: "tt:Haiz6moR7hSxyeQSaVBXn4XvMiWBuM5rDxnQttZHJD22:5zKaki2W" token_transfer_id: "t:DTG9bZergVnFXx9fsJmV6nS3svvjMjDFmpfrasvvsNMZ:5zKaki2W" } transactions { id: "36819aa3-43a1-4fc3-b545-21a1975ae925^DEBIT" type: DEBIT status: SUCCESS amount { currency: "VND" value: "3283728" } token_id: "tt:GkP3BF9h1Hzsa23adcJ8PYi7Q1bYRpYbffpyS4m6JW2z:5zKaki2W" token_transfer_id: "t:8nNtPDzyEdBvru3RQUJnTZwSNGRmS9GVdueQF4a29t4H:5zKaki2W" } transactions { id: "a2336c4a-e4dd-40ac-b2dc-3f7d3f5f2faa^DEBIT" type: DEBIT status: SUCCESS amount { currency: "VND" value: "1641864" } token_id: "tt:79VGhDAZbfJf76L43AxZ5sbQZcf4bTWr1xDEvhQ6g3f5:5zKaki2W" token_transfer_id: "t:Axz89mK5ZqPbCbtXkEN5oruHYgHVLiNeDsZRZvi3KGaM:5zKaki2W" } transactions { id: "13e7fe9a-6441-419b-86d8-caacb35b268b^DEBIT" type: DEBIT status: SUCCESS amount { currency: "VND" value: "8209320" } token_id: "tt:7kBq1xDNtYq6wWqBZpaPJn2maNj4ZdP3T15UE15dn1xf:5zKaki2W" token_transfer_id: "t:12pi1R6JwGjLjM8YmEyVSBPHtdbjNuaTXB5T4RHjkgW3:5zKaki2W" } transactions { id: "99204260-62cf-4f72-b5e9-725ccbd77022^DEBIT" type: DEBIT status: SUCCESS amount { currency: "VND" value: "6567456" } token_id: "tt:F6jzThvhcsAoReYtbK2yCxT5S6YWcDEyLf63HBFGjAF1:5zKaki2W" token_transfer_id: "t:H4osrB1fjdo4mtL3bX65xVEQN5b7etrQaA5BVTyurro9:5zKaki2W" } transactions { id: "46cd6335-e02c-4c6d-af44-d8073c1afac3^DEBIT" type: DEBIT status: SUCCESS amount { currency: "VND" value: "4925592" } token_id: "tt:DQdaUPD8nvcSQ6fi722DoXdeMw2bdVq72vwmPyuEBuc1:5zKaki2W" token_transfer_id: "t:EAXrduSNmbcUSphQ6tC2CwTFKkRKuH76oWcZ1nBbqgYF:5zKaki2W" } transactions { id: "21cbaa28-a376-4656-a180-ee6ac8631726^DEBIT" type: DEBIT status: SUCCESS amount { currency: "VND" value: "3283728" } token_id: "tt:5ujNqU9MCdGVjtvvCx3okhW7nwzUPMk7u7ELGi9yTs7M:5zKaki2W" token_transfer_id: "t:8hiKFKjg4FNjNC1c1JE845c7xnu4YoczcXobfkV2BSgz:5zKaki2W" } transactions { id: "2be2ab2d-0613-4f47-8423-47bbb5987d1b^DEBIT" type: DEBIT status: SUCCESS amount { currency: "VND" value: "164186" } } transactions { id: "de518d94-e912-425d-9829-69dea8b60347^DEBIT" type: DEBIT status: SUCCESS amount { currency: "VND" value: "1641864" } token_id: "tt:BDAREMU8Tb9Cb8z9fqxShHPsj4buhC65eQ2trV9kdkRX:5zKaki2W" token_transfer_id: "t:dBJrioF9h6CWKXYzBY1a1V1nfcnEqEviioY5GrXM5ej:5zKaki2W" } transactions { id: "b19b572b-5413-463a-af4e-02fe3f01e24e^DEBIT" type: DEBIT status: SUCCESS amount { currency: "VND" value: "164186" } } transactions { id: "4d32efa3-3210-46bf-8ff2-677749699231^DEBIT" type: DEBIT status: SUCCESS amount { currency: "VND" value: "1641864" } } transactions { id: "4005b8b5-47aa-4e10-a6b1-0168f23ffb7b^DEBIT" type: DEBIT status: SUCCESS amount { currency: "VND" value: "164186" } } transactions { id: "573fcbb5-b909-42a4-aa89-df3b17d69323^DEBIT" type: DEBIT status: SUCCESS amount { currency: "VND" value: "164186" } } transactions { id: "0df67237-7d0d-4524-8575-d87aa18ae619^DEBIT" type: DEBIT status: SUCCESS amount { currency: "VND" value: "164186" } } transactions { id: "3a29d047-b14f-4a8f-893a-7f0743fcf993^DEBIT" type: DEBIT status: SUCCESS amount { currency: "VND" value: "164186" } } offset: "oPmbRoWrsdJXFSBUxerGDcegFGzLaEMWAkYJUC8Wc9tWZ9iCYgKuqA"), Metadata()
Gradle Test Executor 1 finished executing tests.

io.token.TransactionsTest > getTransactions FAILED
    java.lang.AssertionError: 
    Expecting:
     <["f2c41b8a-4a8d-4c1f-822b-4224dd02c9e6^DEBIT",
        "cf2d6ec4-466e-46b5-b924-6313e0b4d7ca^DEBIT",
        "a22be8c5-82e0-4577-a804-7723e1b50f12^DEBIT",
        "b3497c27-232a-4b59-b002-8a2a11f67106^DEBIT",
        "738601d4-5915-48b4-bb85-ef75d6dfb12c^DEBIT",
        "97a5fafe-4e13-435d-900b-a9b5461155c4^DEBIT",
        "59809afc-2f96-47b7-9b25-6db4fbe71975^CREDIT",
        "59809afc-2f96-47b7-9b25-6db4fbe71975^DEBIT",
        "a8aefb19-cdde-4450-bffb-5713830b0f70^DEBIT",
        "1d35b70e-041b-42ff-afad-1908b5352cb1^DEBIT",
        "35832591-a6e4-4b20-8f88-65da6592463f^DEBIT",
        "36819aa3-43a1-4fc3-b545-21a1975ae925^DEBIT",
        "a2336c4a-e4dd-40ac-b2dc-3f7d3f5f2faa^DEBIT",
        "13e7fe9a-6441-419b-86d8-caacb35b268b^DEBIT",
        "99204260-62cf-4f72-b5e9-725ccbd77022^DEBIT",
        "46cd6335-e02c-4c6d-af44-d8073c1afac3^DEBIT",
        "21cbaa28-a376-4656-a180-ee6ac8631726^DEBIT",
        "2be2ab2d-0613-4f47-8423-47bbb5987d1b^DEBIT",
        "de518d94-e912-425d-9829-69dea8b60347^DEBIT",
        "b19b572b-5413-463a-af4e-02fe3f01e24e^DEBIT",
        "4d32efa3-3210-46bf-8ff2-677749699231^DEBIT",
        "4005b8b5-47aa-4e10-a6b1-0168f23ffb7b^DEBIT",
        "573fcbb5-b909-42a4-aa89-df3b17d69323^DEBIT",
        "0df67237-7d0d-4524-8575-d87aa18ae619^DEBIT",
        "3a29d047-b14f-4a8f-893a-7f0743fcf993^DEBIT"]>
    to contain:
     <["b3497c27-232a-4b59-b002-8a2a11f67106^DEBIT",
        "a22be8c5-82e0-4577-a804-7723e1b50f12^DEBIT",
        "cf2d6ec4-466e-46b5-b924-6313e0b4d7ca^DEBIT",
        "f2c41b8a-4a8d-4c1f-822b-4224dd02c9e6^DEBIT",
        "f7d8bcdc-99cc-49e0-bde3-8680c17eaecb^DEBIT"]>
    but could not find:
     <["f7d8bcdc-99cc-49e0-bde3-8680c17eaecb^DEBIT"]>
        at io.token.TransactionsTest.getTransactions(TransactionsTest.java:113)
Finished generating test XML results (0.018 secs) into: /Users/Alexey/src/redux/sdk-java/integration/build/test-results/test
Generating HTML test report...
Finished generating test html results (0.02 secs) into: /Users/Alexey/src/redux/sdk-java/integration/build/reports/tests/test
:integration:test FAILED
:integration:test (Thread[Daemon worker,5,main]) completed. Took 27.458 secs.

BUILD FAILED

Total time: 36.085 secs
Stopped 0 compiler daemon(s).
Received result Failure[value=org.gradle.initialization.ReportedException: org.gradle.internal.exceptions.LocationAwareException: Execution failed for task ':integration:test'.] from daemon DaemonInfo{pid=37850, address=[3bb7b09c-5eb6-47fd-96cc-b80c0a8d653c port:53387, addresses:[/0:0:0:0:0:0:0:1, /127.0.0.1]], state=Busy, lastBusy=1497054324347, context=DefaultDaemonContext[uid=73f9b5b5-3385-40db-8aae-05e901562884,javaHome=/Library/Java/JavaVirtualMachines/jdk1.8.0_112.jdk/Contents/Home,daemonRegistryDir=/Users/Alexey/.gradle/daemon,pid=37850,idleTimeout=10800000,daemonOpts=-XX:MaxPermSize=256m,-XX:+HeapDumpOnOutOfMemoryError,-Xmx1024m,-Dfile.encoding=UTF-8,-Duser.country=US,-Duser.language=en,-Duser.variant]} (build should be done).
